// Jest Snapshot v1, https://goo.gl/fbAQLP

exports[`renders Slider Ticks 1`] = `
<div>
  <div
    class="slider-ticks"
  >
    <div>
      <div
        style="position: absolute; margin-top: 17px; width: 1px; height: 5px; background-color: rgb(200, 200, 200); left: 0%;"
      />
      <div
        style="position: absolute; margin-top: 25px; font-size: 10px; text-align: center; margin-left: -8.333333333333334%; width: 16.666666666666668%; left: 0%;"
      >
        0
      </div>
    </div>
    <div>
      <div
        style="position: absolute; margin-top: 17px; width: 1px; height: 5px; background-color: rgb(200, 200, 200); left: 0.2%;"
      />
      <div
        style="position: absolute; margin-top: 25px; font-size: 10px; text-align: center; margin-left: -8.333333333333334%; width: 16.666666666666668%; left: 0.2%;"
      >
        0.2
      </div>
    </div>
    <div>
      <div
        style="position: absolute; margin-top: 17px; width: 1px; height: 5px; background-color: rgb(200, 200, 200); left: 0.4%;"
      />
      <div
        style="position: absolute; margin-top: 25px; font-size: 10px; text-align: center; margin-left: -8.333333333333334%; width: 16.666666666666668%; left: 0.4%;"
      >
        0.4
      </div>
    </div>
    <div>
      <div
        style="position: absolute; margin-top: 17px; width: 1px; height: 5px; background-color: rgb(200, 200, 200); left: 0.6%;"
      />
      <div
        style="position: absolute; margin-top: 25px; font-size: 10px; text-align: center; margin-left: -8.333333333333334%; width: 16.666666666666668%; left: 0.6%;"
      >
        0.6
      </div>
    </div>
    <div>
      <div
        style="position: absolute; margin-top: 17px; width: 1px; height: 5px; background-color: rgb(200, 200, 200); left: 0.8%;"
      />
      <div
        style="position: absolute; margin-top: 25px; font-size: 10px; text-align: center; margin-left: -8.333333333333334%; width: 16.666666666666668%; left: 0.8%;"
      >
        0.8
      </div>
    </div>
    <div>
      <div
        style="position: absolute; margin-top: 17px; width: 1px; height: 5px; background-color: rgb(200, 200, 200); left: 1%;"
      />
      <div
        style="position: absolute; margin-top: 25px; font-size: 10px; text-align: center; margin-left: -8.333333333333334%; width: 16.666666666666668%; left: 1%;"
      >
        1
      </div>
    </div>
  </div>
</div>
`;

exports[`renders TemporalCoverageFacet 1`] = `
<div>
  <div
    class="temporal-facet"
  >
    <h4
      class="ui header"
    />
    <div
      class="ui form years-input"
    >
      <div
        class="ui input"
      >
        <input
          max="1915"
          min="1890"
          type="number"
          value="1890"
        />
      </div>
      <div
        class="ui input right"
      >
        <input
          max="1915"
          min="1890"
          type="number"
          value="1915"
        />
      </div>
    </div>
    <div
      style="position: relative; width: 100%;"
    >
      <div
        style="position: absolute; transform: translate(0%, -50%); width: 100%; height: 42px; border-radius: 7px; cursor: pointer;"
      />
      <div
        style="position: absolute; width: 100%; height: 14px; transform: translate(0%, -50%); border-radius: 7px; pointer-events: none; background-color: rgb(155, 155, 155);"
      />
      <div
        class="slider-handles"
      >
        <div
          style="left: 0%; position: absolute; transform: translate(-50%, -50%); z-index: 400; width: 26px; height: 42px; cursor: pointer;"
        />
        <div
          aria-valuemax="1915"
          aria-valuemin="1890"
          aria-valuenow="1890"
          role="slider"
          style="left: 0%; position: absolute; transform: translate(-50%, -50%); z-index: 300; width: 24px; height: 24px; border: 0px; border-radius: 50%; box-shadow: 1px 1px 1px 1px rgba(0, 0, 0, 0.2); background-color: rgb(0, 136, 138);"
        />
        <div
          style="left: 100%; position: absolute; transform: translate(-50%, -50%); z-index: 400; width: 26px; height: 42px; cursor: pointer;"
        />
        <div
          aria-valuemax="1915"
          aria-valuemin="1890"
          aria-valuenow="1915"
          role="slider"
          style="left: 100%; position: absolute; transform: translate(-50%, -50%); z-index: 300; width: 24px; height: 24px; border: 0px; border-radius: 50%; box-shadow: 1px 1px 1px 1px rgba(0, 0, 0, 0.2); background-color: rgb(0, 136, 138);"
        />
      </div>
      <div
        class="slider-tracks"
      >
        <div
          style="position: absolute; transform: translate(0%, -50%); height: 14px; z-index: 1; background-color: rgb(0, 84, 138); border-radius: 7px; cursor: pointer; left: 0%; width: 100%;"
        />
      </div>
      <div
        class="slider-ticks"
      >
        <div>
          <div
            style="position: absolute; margin-top: 17px; width: 1px; height: 5px; background-color: rgb(200, 200, 200); left: 0%;"
          />
          <div
            style="position: absolute; margin-top: 25px; font-size: 10px; text-align: center; margin-left: -8.333333333333334%; width: 16.666666666666668%; left: 0%;"
          >
            1890
          </div>
        </div>
        <div>
          <div
            style="position: absolute; margin-top: 17px; width: 1px; height: 5px; background-color: rgb(200, 200, 200); left: 20%;"
          />
          <div
            style="position: absolute; margin-top: 25px; font-size: 10px; text-align: center; margin-left: -8.333333333333334%; width: 16.666666666666668%; left: 20%;"
          >
            1895
          </div>
        </div>
        <div>
          <div
            style="position: absolute; margin-top: 17px; width: 1px; height: 5px; background-color: rgb(200, 200, 200); left: 40%;"
          />
          <div
            style="position: absolute; margin-top: 25px; font-size: 10px; text-align: center; margin-left: -8.333333333333334%; width: 16.666666666666668%; left: 40%;"
          >
            1900
          </div>
        </div>
        <div>
          <div
            style="position: absolute; margin-top: 17px; width: 1px; height: 5px; background-color: rgb(200, 200, 200); left: 60%;"
          />
          <div
            style="position: absolute; margin-top: 25px; font-size: 10px; text-align: center; margin-left: -8.333333333333334%; width: 16.666666666666668%; left: 60%;"
          >
            1905
          </div>
        </div>
        <div>
          <div
            style="position: absolute; margin-top: 17px; width: 1px; height: 5px; background-color: rgb(200, 200, 200); left: 80%;"
          />
          <div
            style="position: absolute; margin-top: 25px; font-size: 10px; text-align: center; margin-left: -8.333333333333334%; width: 16.666666666666668%; left: 80%;"
          >
            1910
          </div>
        </div>
        <div>
          <div
            style="position: absolute; margin-top: 17px; width: 1px; height: 5px; background-color: rgb(200, 200, 200); left: 100%;"
          />
          <div
            style="position: absolute; margin-top: 25px; font-size: 10px; text-align: center; margin-left: -8.333333333333334%; width: 16.666666666666668%; left: 100%;"
          >
            1915
          </div>
        </div>
      </div>
    </div>
  </div>
</div>
`;

exports[`renders TemporalCoverageFacetFilterListEntry 1`] = `
<div>
  <div
    class="ui small label"
  >
    Yes
    <i
      aria-hidden="true"
      class="delete icon"
    />
  </div>
</div>
`;
